// Jest Snapshot v1, https://goo.gl/fbAQLP

exports[`get this week's ping 1`] = `
Array [
  PingEntity {
    "answers": undefined,
    "endTime": 2010-05-01T08:39:40.000Z,
    "id": "cat1",
    "notificationTime": 2010-05-01T08:25:05.000Z,
    "startTime": 2010-05-01T08:30:01.000Z,
    "streamName": "cat",
    "tzOffset": 0,
  },
  PingEntity {
    "answers": undefined,
    "endTime": null,
    "id": "dog1",
    "notificationTime": 2010-05-01T10:20:00.000Z,
    "startTime": 2010-05-01T10:20:05.000Z,
    "streamName": "dog",
    "tzOffset": 0,
  },
  PingEntity {
    "answers": undefined,
    "endTime": 2010-05-01T20:59:20.000Z,
    "id": "wolf1",
    "notificationTime": 2010-05-01T19:00:05.000Z,
    "startTime": 2010-05-01T20:06:21.000Z,
    "streamName": "wolf",
    "tzOffset": 0,
  },
  PingEntity {
    "answers": undefined,
    "endTime": null,
    "id": "cat2",
    "notificationTime": 2010-05-02T13:08:04.000Z,
    "startTime": 2010-05-02T14:59:01.000Z,
    "streamName": "cat",
    "tzOffset": 0,
  },
  PingEntity {
    "answers": undefined,
    "endTime": 2010-05-03T09:26:02.000Z,
    "id": "cat3",
    "notificationTime": 2010-05-03T09:08:07.000Z,
    "startTime": 2010-05-03T09:26:00.000Z,
    "streamName": "cat",
    "tzOffset": 0,
  },
  PingEntity {
    "answers": undefined,
    "endTime": 2010-05-10T23:59:58.000Z,
    "id": "cat4",
    "notificationTime": 2010-05-10T23:08:07.000Z,
    "startTime": 2010-05-10T23:09:09.000Z,
    "streamName": "cat",
    "tzOffset": 0,
  },
]
`;
