// Jest Snapshot v1, https://goo.gl/fbAQLP

exports[`HowLongAgoQuestionSchema type 1`] = `
"[
  {
    \\"code\\": \\"invalid_type\\",
    \\"expected\\": \\"HowLongAgo\\",
    \\"received\\": \\"ChoicesWithMultipleAnswers\\",
    \\"path\\": [
      \\"type\\"
    ],
    \\"message\\": \\"Expected HowLongAgo, received ChoicesWithMultipleAnswers\\"
  }
]"
`;
